Starting a Gradle Daemon, 1 busy Daemon could not be reused, use --status for details
